mkdir -p ./usr/obj
i686-elf-gcc -ffreestanding -O2 -m32 -fno-stack-protector -fno-builtin -fno-pie -no-pie -Wall -Wextra -I./include -c lib/libc/stdio/printf.c -o usr/obj/printf.o
i686-elf-gcc -ffreestanding -O2 -m32 -fno-stack-protector -fno-builtin -fno-pie -no-pie -Wall -Wextra -I./include -c lib/libc/stdio/putchar.c -o usr/obj/putchar.o
i686-elf-gcc -ffreestanding -O2 -m32 -fno-stack-protector -fno-builtin -fno-pie -no-pie -Wall -Wextra -I./include -c lib/libc/stdio/putc.c -o usr/obj/putc.o
i686-elf-gcc -ffreestanding -O2 -m32 -fno-stack-protector -fno-builtin -fno-pie -no-pie -Wall -Wextra -I./include -c lib/libc/string/strlen.c -o usr/obj/strlen.o
i686-elf-gcc -ffreestanding -O2 -m32 -fno-stack-protector -fno-builtin -fno-pie -no-pie -Wall -Wextra -I./include -c lib/libc/string/strcpy.c -o usr/obj/strcpy.o
i686-elf-gcc -ffreestanding -O2 -m32 -fno-stack-protector -fno-builtin -fno-pie -no-pie -Wall -Wextra -I./include -c lib/libc/string/strcat.c -o usr/obj/strcat.o
i686-elf-gcc -ffreestanding -O2 -m32 -fno-stack-protector -fno-builtin -fno-pie -no-pie -Wall -Wextra -I./include -c lib/libc/string/strcmp.c -o usr/obj/strcmp.o
i686-elf-gcc -ffreestanding -O2 -m32 -fno-stack-protector -fno-builtin -fno-pie -no-pie -Wall -Wextra -I./include -c lib/libc/string/memcpy.c -o usr/obj/memcpy.o
i686-elf-gcc -ffreestanding -O2 -m32 -fno-stack-protector -fno-builtin -fno-pie -no-pie -Wall -Wextra -I./include -c lib/libc/string/memmove.c -o usr/obj/memmove.o
i686-elf-gcc -ffreestanding -O2 -m32 -fno-stack-protector -fno-builtin -fno-pie -no-pie -Wall -Wextra -I./include -c lib/libc/string/memset.c -o usr/obj/memset.o
i686-elf-gcc -ffreestanding -O2 -m32 -fno-stack-protector -fno-builtin -fno-pie -no-pie -Wall -Wextra -I./include -c lib/libc/unistd/write.c -o usr/obj/write.o
i686-elf-gcc -ffreestanding -O2 -m32 -fno-stack-protector -fno-builtin -fno-pie -no-pie -Wall -Wextra -I./include -c lib/libc/unistd/sysinfo.c -o usr/obj/sysinfo.o
i686-elf-gcc -ffreestanding -O2 -m32 -fno-stack-protector -fno-builtin -fno-pie -no-pie -Wall -Wextra -I./include -c lib/libc/stdio/streams.c -o usr/obj/streams.o
i686-elf-ar rcs usr/obj/libc.a usr/obj/printf.o usr/obj/putchar.o usr/obj/putc.o usr/obj/strlen.o usr/obj/strcpy.o usr/obj/strcat.o usr/obj/strcmp.o usr/obj/memcpy.o usr/obj/memmove.o usr/obj/memset.o usr/obj/write.o usr/obj/sysinfo.o usr/obj/streams.o
nasm -f elf32 usr/crt0.asm -o usr/obj/crt0.o
i686-elf-gcc -ffreestanding -O2 -m32 -fno-stack-protector -fno-builtin -fno-pie -no-pie -Wall -Wextra -I./include -c bin/hello/hello.c -o ./usr/obj/hello.o
i686-elf-ld -m elf_i386 -T user.ld ./usr/obj/crt0.o ./usr/obj/printf.o ./usr/obj/putchar.o ./usr/obj/putc.o ./usr/obj/strlen.o ./usr/obj/strcpy.o ./usr/obj/strcat.o ./usr/obj/strcmp.o ./usr/obj/memcpy.o ./usr/obj/memmove.o ./usr/obj/memset.o ./usr/obj/write.o ./usr/obj/sysinfo.o ./usr/obj/streams.o ./usr/obj/hello.o -o usr/obj/hello.elf
i686-elf-gcc -ffreestanding -O2 -m32 -fno-stack-protector -fno-builtin -fno-pie -no-pie -Wall -Wextra -I./include -c bin/userprogs/simple.c -o ./usr/obj/simple.o
bin/userprogs/simple.c: In function 'main':
bin/userprogs/simple.c:8:14: warning: unused parameter 'argc' [-Wunused-parameter]
    8 | int main(int argc, char** argv) {
      |          ~~~~^~~~
bin/userprogs/simple.c:8:27: warning: unused parameter 'argv' [-Wunused-parameter]
    8 | int main(int argc, char** argv) {
      |                    ~~~~~~~^~~~
i686-elf-ld -m elf_i386 -T user.ld ./usr/obj/crt0.o ./usr/obj/printf.o ./usr/obj/putchar.o ./usr/obj/putc.o ./usr/obj/strlen.o ./usr/obj/strcpy.o ./usr/obj/strcat.o ./usr/obj/strcmp.o ./usr/obj/memcpy.o ./usr/obj/memmove.o ./usr/obj/memset.o ./usr/obj/write.o ./usr/obj/sysinfo.o ./usr/obj/streams.o ./usr/obj/simple.o -o usr/obj/simple.elf
i686-elf-gcc -ffreestanding -O2 -m32 -fno-stack-protector -fno-builtin -fno-pie -no-pie -Wall -Wextra -I./include -c bin/userprogs/echo_user.c -o ./usr/obj/echo_user.o
i686-elf-ld -m elf_i386 -T user.ld ./usr/obj/crt0.o ./usr/obj/printf.o ./usr/obj/putchar.o ./usr/obj/putc.o ./usr/obj/strlen.o ./usr/obj/strcpy.o ./usr/obj/strcat.o ./usr/obj/strcmp.o ./usr/obj/memcpy.o ./usr/obj/memmove.o ./usr/obj/memset.o ./usr/obj/write.o ./usr/obj/sysinfo.o ./usr/obj/streams.o ./usr/obj/echo_user.o -o usr/obj/echo_user.elf
mkdir -p ./usr/obj/sys
nasm -f elf32 entry.asm -o usr/obj/sys/entry.o
nasm -f elf32 usr/obj/sys/user_progs.asm -o usr/obj/sys/user_progs_bin.o
i686-elf-gcc -ffreestanding -O2 -m32 -fno-stack-protector -fno-builtin -Wall -Wextra -I./include -Icommands -c usr/obj/sys/user_progs.c -o usr/obj/sys/user_progs.o
i686-elf-gcc -ffreestanding -O2 -m32 -fno-stack-protector -fno-builtin -Wall -Wextra -I./include -Icommands -c kernel/kernel.c -o usr/obj/sys/kernel.o
In file included from kernel/kernel.c:17:
./include/sys/time.h:50:43: warning: 'struct sigevent' declared inside parameter list will not be visible outside of this definition or declaration
   50 | int        timer_create(clockid_t, struct sigevent *, timer_t *);
      |                                           ^~~~~~~~
i686-elf-gcc -ffreestanding -O2 -m32 -fno-stack-protector -fno-builtin -Wall -Wextra -I./include -Icommands -c kernel/fs.c -o usr/obj/sys/fs.o
i686-elf-gcc -ffreestanding -O2 -m32 -fno-stack-protector -fno-builtin -Wall -Wextra -I./include -Icommands -c kernel/file_cache.c -o usr/obj/sys/file_cache.o
In file included from kernel/file_cache.c:5:
./include/sys/time.h:50:43: warning: 'struct sigevent' declared inside parameter list will not be visible outside of this definition or declaration
   50 | int        timer_create(clockid_t, struct sigevent *, timer_t *);
      |                                           ^~~~~~~~
i686-elf-gcc -ffreestanding -O2 -m32 -fno-stack-protector -fno-builtin -Wall -Wextra -I./include -Icommands -c kernel/idt.c -o usr/obj/sys/idt.o
i686-elf-gcc -ffreestanding -O2 -m32 -fno-stack-protector -fno-builtin -Wall -Wextra -I./include -Icommands -c kernel/gdt.c -o usr/obj/sys/gdt.o
i686-elf-gcc -ffreestanding -O2 -m32 -fno-stack-protector -fno-builtin -Wall -Wextra -I./include -Icommands -c kernel/syscall.c -o usr/obj/sys/syscall.o
In file included from kernel/syscall.c:10:
./include/sys/time.h:50:43: warning: 'struct sigevent' declared inside parameter list will not be visible outside of this definition or declaration
   50 | int        timer_create(clockid_t, struct sigevent *, timer_t *);
      |                                           ^~~~~~~~
i686-elf-gcc -ffreestanding -O2 -m32 -fno-stack-protector -fno-builtin -Wall -Wextra -I./include -Icommands -c kernel/elf.c -o usr/obj/sys/elf.o
i686-elf-gcc -ffreestanding -O2 -m32 -fno-stack-protector -fno-builtin -Wall -Wextra -I./include -Icommands -c kernel/sys/stat/mkdir.c -o usr/obj/sys/mkdir.o
i686-elf-gcc -ffreestanding -O2 -m32 -fno-stack-protector -fno-builtin -Wall -Wextra -I./include -Icommands -c kernel/sys/time/time.c -o usr/obj/sys/time.o
In file included from kernel/sys/time/time.c:1:
./include/sys/time.h:50:43: warning: 'struct sigevent' declared inside parameter list will not be visible outside of this definition or declaration
   50 | int        timer_create(clockid_t, struct sigevent *, timer_t *);
      |                                           ^~~~~~~~
i686-elf-gcc -ffreestanding -O2 -m32 -fno-stack-protector -fno-builtin -Wall -Wextra -I./include -Icommands -c kernel/sys/time/localtime_r.c -o usr/obj/sys/localtime_r.o
In file included from kernel/sys/time/localtime_r.c:1:
./include/sys/time.h:50:43: warning: 'struct sigevent' declared inside parameter list will not be visible outside of this definition or declaration
   50 | int        timer_create(clockid_t, struct sigevent *, timer_t *);
      |                                           ^~~~~~~~
i686-elf-gcc -ffreestanding -O2 -m32 -fno-stack-protector -fno-builtin -Wall -Wextra -I./include -Icommands -c kernel/drivers/input/pskey.c -o usr/obj/sys/pskey.o
kernel/drivers/input/pskey.c:189:13: warning: 'buffer_getchar' defined but not used [-Wunused-function]
  189 | static char buffer_getchar(void) {
      |             ^~~~~~~~~~~~~~
i686-elf-gcc -ffreestanding -O2 -m32 -fno-stack-protector -fno-builtin -Wall -Wextra -I./include -Icommands -c kernel/drivers/video/vgamode3.c -o usr/obj/sys/vgamode3.o
i686-elf-gcc -ffreestanding -O2 -m32 -fno-stack-protector -fno-builtin -Wall -Wextra -I./include -Icommands -c kernel/drivers/nvram/nvram.c -o usr/obj/sys/nvram.o
i686-elf-gcc -ffreestanding -O2 -m32 -fno-stack-protector -fno-builtin -Wall -Wextra -I./include -Icommands -c kernel/drivers/nvram/rtc.c -o usr/obj/sys/rtc.o
In file included from kernel/drivers/nvram/rtc.c:4:
./include/sys/time.h:50:43: warning: 'struct sigevent' declared inside parameter list will not be visible outside of this definition or declaration
   50 | int        timer_create(clockid_t, struct sigevent *, timer_t *);
      |                                           ^~~~~~~~
i686-elf-gcc -ffreestanding -O2 -m32 -fno-stack-protector -fno-builtin -Wall -Wextra -I./include -Icommands -c bin/ls/ls.c -o usr/obj/sys/ls.o
i686-elf-gcc -ffreestanding -O2 -m32 -fno-stack-protector -fno-builtin -Wall -Wextra -I./include -Icommands -c bin/mkdir/sh_mkdir.c -o usr/obj/sys/sh_mkdir.o
i686-elf-gcc -ffreestanding -O2 -m32 -fno-stack-protector -fno-builtin -Wall -Wextra -I./include -Icommands -c bin/cat/cat.c -o usr/obj/sys/cat.o
i686-elf-gcc -ffreestanding -O2 -m32 -fno-stack-protector -fno-builtin -Wall -Wextra -I./include -Icommands -c bin/grep/grep.c -o usr/obj/sys/grep.o
i686-elf-gcc -ffreestanding -O2 -m32 -fno-stack-protector -fno-builtin -Wall -Wextra -I./include -Icommands -c bin/echo/echo.c -o usr/obj/sys/echo.o
i686-elf-gcc -ffreestanding -O2 -m32 -fno-stack-protector -fno-builtin -Wall -Wextra -I./include -Icommands -c bin/color/color.c -o usr/obj/sys/color.o
i686-elf-gcc -ffreestanding -O2 -m32 -fno-stack-protector -fno-builtin -Wall -Wextra -I./include -Icommands -c bin/memory/memory.c -o usr/obj/sys/memory.o
i686-elf-gcc -ffreestanding -O2 -m32 -fno-stack-protector -fno-builtin -Wall -Wextra -I./include -Icommands -c bin/free/free.c -o usr/obj/sys/free.o
i686-elf-gcc -ffreestanding -O2 -m32 -fno-stack-protector -fno-builtin -Wall -Wextra -I./include -Icommands -c bin/top/top.c -o usr/obj/sys/top.o
bin/top/top.c: In function 'cmd_top':
bin/top/top.c:5:17: warning: unused parameter 'argc' [-Wunused-parameter]
    5 | int cmd_top(int argc, char** argv) {
      |             ~~~~^~~~
bin/top/top.c:5:30: warning: unused parameter 'argv' [-Wunused-parameter]
    5 | int cmd_top(int argc, char** argv) {
      |                       ~~~~~~~^~~~
i686-elf-gcc -ffreestanding -O2 -m32 -fno-stack-protector -fno-builtin -Wall -Wextra -I./include -Icommands -c bin/vmstat/vmstat.c -o usr/obj/sys/vmstat.o
bin/vmstat/vmstat.c: In function 'cmd_vmstat':
bin/vmstat/vmstat.c:6:12: warning: unused variable 'total_pages' [-Wunused-variable]
    6 |     size_t total_pages = pmm_total_pages();
      |            ^~~~~~~~~~~
bin/vmstat/vmstat.c:5:20: warning: unused parameter 'argc' [-Wunused-parameter]
    5 | int cmd_vmstat(int argc, char** argv) {
      |                ~~~~^~~~
bin/vmstat/vmstat.c:5:33: warning: unused parameter 'argv' [-Wunused-parameter]
    5 | int cmd_vmstat(int argc, char** argv) {
      |                          ~~~~~~~^~~~
i686-elf-gcc -ffreestanding -O2 -m32 -fno-stack-protector -fno-builtin -Wall -Wextra -I./include -Icommands -c bin/snake/snake.c -o usr/obj/sys/snake.o
bin/snake/snake.c:50:13: warning: 'snake_set_color' defined but not used [-Wunused-function]
   50 | static void snake_set_color(uint8_t attr) {
      |             ^~~~~~~~~~~~~~~
i686-elf-gcc -ffreestanding -O2 -m32 -fno-stack-protector -fno-builtin -Wall -Wextra -I./include -Icommands -c bin/vi/vi.c -o usr/obj/sys/vi.o
i686-elf-gcc -ffreestanding -O2 -m32 -fno-stack-protector -fno-builtin -Wall -Wextra -I./include -Icommands -c bin/nano/nano.c -o usr/obj/sys/nano.o
bin/nano/nano.c:173:13: warning: 'nano_delete_line' defined but not used [-Wunused-function]
  173 | static void nano_delete_line(char* buffer, size_t* len, size_t* cursor_pos) {
      |             ^~~~~~~~~~~~~~~~
bin/nano/nano.c:136:13: warning: 'nano_justify_line' defined but not used [-Wunused-function]
  136 | static void nano_justify_line(char* buffer, size_t* len, size_t cursor_pos) {
      |             ^~~~~~~~~~~~~~~~~
i686-elf-gcc -ffreestanding -O2 -m32 -fno-stack-protector -fno-builtin -Wall -Wextra -I./include -Icommands -c bin/pwd/pwd.c -o usr/obj/sys/pwd.o
i686-elf-gcc -ffreestanding -O2 -m32 -fno-stack-protector -fno-builtin -Wall -Wextra -I./include -Icommands -c bin/date/date.c -o usr/obj/sys/date.o
In file included from bin/date/date.c:3:
./include/sys/time.h:50:43: warning: 'struct sigevent' declared inside parameter list will not be visible outside of this definition or declaration
   50 | int        timer_create(clockid_t, struct sigevent *, timer_t *);
      |                                           ^~~~~~~~
bin/date/date.c: In function 'cmd_date':
bin/date/date.c:5:18: warning: unused parameter 'argc' [-Wunused-parameter]
    5 | int cmd_date(int argc, char** argv) {
      |              ~~~~^~~~
bin/date/date.c:5:31: warning: unused parameter 'argv' [-Wunused-parameter]
    5 | int cmd_date(int argc, char** argv) {
      |                        ~~~~~~~^~~~
i686-elf-gcc -ffreestanding -O2 -m32 -fno-stack-protector -fno-builtin -Wall -Wextra -I./include -Icommands -c bin/rm/rm.c -o usr/obj/sys/rm.o
i686-elf-gcc -ffreestanding -O2 -m32 -fno-stack-protector -fno-builtin -Wall -Wextra -I./include -Icommands -c bin/cp/cp.c -o usr/obj/sys/cp.o
i686-elf-gcc -ffreestanding -O2 -m32 -fno-stack-protector -fno-builtin -Wall -Wextra -I./include -Icommands -c bin/mv/mv.c -o usr/obj/sys/mv.o
bin/mv/mv.c: In function 'cmd_mv':
bin/mv/mv.c:20:14: warning: variable 'src_idx' set but not used [-Wunused-but-set-variable]
   20 |     uint32_t src_idx = 0xFFFFFFFF;
      |              ^~~~~~~
i686-elf-gcc -ffreestanding -O2 -m32 -fno-stack-protector -fno-builtin -Wall -Wextra -I./include -Icommands -c bin/shutdown/shutdown.c -o usr/obj/sys/shutdown.o
i686-elf-gcc -ffreestanding -O2 -m32 -fno-stack-protector -fno-builtin -Wall -Wextra -I./include -Icommands -c bin/reboot/reboot.c -o usr/obj/sys/reboot.o
i686-elf-gcc -ffreestanding -O2 -m32 -fno-stack-protector -fno-builtin -Wall -Wextra -I./include -Icommands -c bin/calc/calc.c -o usr/obj/sys/calc.o
i686-elf-gcc -ffreestanding -O2 -m32 -fno-stack-protector -fno-builtin -Wall -Wextra -I./include -Icommands -c bin/man/man.c -o usr/obj/sys/man.o
i686-elf-gcc -ffreestanding -O2 -m32 -fno-stack-protector -fno-builtin -Wall -Wextra -I./include -Icommands -c bin/wc/wc.c -o usr/obj/sys/wc.o
i686-elf-gcc -ffreestanding -O2 -m32 -fno-stack-protector -fno-builtin -Wall -Wextra -I./include -Icommands -c bin/head/head.c -o usr/obj/sys/head.o
i686-elf-gcc -ffreestanding -O2 -m32 -fno-stack-protector -fno-builtin -Wall -Wextra -I./include -Icommands -c bin/tail/tail.c -o usr/obj/sys/tail.o
i686-elf-gcc -ffreestanding -O2 -m32 -fno-stack-protector -fno-builtin -Wall -Wextra -I./include -Icommands -c bin/sort/sort.c -o usr/obj/sys/sort.o
i686-elf-gcc -ffreestanding -O2 -m32 -fno-stack-protector -fno-builtin -Wall -Wextra -I./include -Icommands -c bin/uniq/uniq.c -o usr/obj/sys/uniq.o
i686-elf-gcc -ffreestanding -O2 -m32 -fno-stack-protector -fno-builtin -Wall -Wextra -I./include -Icommands -c bin/whoami/whoami.c -o usr/obj/sys/whoami.o
bin/whoami/whoami.c: In function 'cmd_whoami':
bin/whoami/whoami.c:4:20: warning: unused parameter 'argc' [-Wunused-parameter]
    4 | int cmd_whoami(int argc, char** argv) {
      |                ~~~~^~~~
bin/whoami/whoami.c:4:33: warning: unused parameter 'argv' [-Wunused-parameter]
    4 | int cmd_whoami(int argc, char** argv) {
      |                          ~~~~~~~^~~~
i686-elf-gcc -ffreestanding -O2 -m32 -fno-stack-protector -fno-builtin -Wall -Wextra -I./include -Icommands -c bin/password/password.c -o usr/obj/sys/password.o
i686-elf-gcc -ffreestanding -O2 -m32 -fno-stack-protector -fno-builtin -Wall -Wextra -I./include -Icommands -c bin/sysinfo/sysinfo.c -o usr/obj/sys/sysinfo.o
i686-elf-gcc -ffreestanding -O2 -m32 -fno-stack-protector -fno-builtin -Wall -Wextra -I./include -Icommands -c bin/gcc/gcc.c -o usr/obj/sys/gcc.o
i686-elf-gcc -ffreestanding -O2 -m32 -fno-stack-protector -fno-builtin -Wall -Wextra -I./include -Icommands -c bin/uptime/uptime.c -o usr/obj/sys/uptime.o
i686-elf-gcc -ffreestanding -O2 -m32 -fno-stack-protector -fno-builtin -Wall -Wextra -I./include -Icommands -c bin/dmesg/dmesg.c -o usr/obj/sys/dmesg.o
i686-elf-gcc -ffreestanding -O2 -m32 -fno-stack-protector -fno-builtin -Wall -Wextra -I./include -Icommands -c bin/which/which.c -o usr/obj/sys/which.o
i686-elf-gcc -ffreestanding -O2 -m32 -fno-stack-protector -fno-builtin -Wall -Wextra -I./include -Icommands -c bin/sh/sh.c -o usr/obj/sys/sh.o
bin/sh/sh.c: In function 'expand_alias':
bin/sh/sh.c:160:1: error: implicit declaration of function 'ncpy'; did you mean 'strncpy'? [-Wimplicit-function-declaration]
  160 | ncpy(temp_buf, input, ARG_MAX - 1);
      | ^~~~
      | strncpy
bin/sh/sh.c:187:35: error: expected ';' before 'if'
  187 |             input[size - 1] = '\0'
      |                                   ^
      |                                   ;
  188 |         if (strlen(expanded) < size) {
      |         ~~                         
bin/sh/sh.c:267:1: error: expected declaration or statement at end of input
  267 | }
      | ^
bin/sh/sh.c: At top level:
bin/sh/sh.c:194:6: warning: 'sh' defined but not used [-Wunused-function]
  194 | void sh(void) {
      |      ^~
make: *** [makefile:240: usr/obj/sys/sh.o] Error 1
